{"fr":{"plural-forms":"nplurals=2; plural=(n > 1);","messages":{"translatable 1":["traductible 1"],"translatable 2":["traductible 2"],"translatable 3":["traductible 3"],"translatable 4":["traductible 4"],"removed 1":["supprimÃ© 1"]}},"it":{"plural-forms":"nplurals=2; plural=(n != 1);","messages":{"translatable 1":["traducibile 1"],"translatable 2":["traducibile 2"],"translatable 3":["traducibile 3"],"translatable 4":["traducibile 4"],"removed 1":["rimosso 1"]}}}